Analysis & Synthesis report for Laboratorio_3
Sun May 17 03:17:11 2020
Quartus Prime Version 19.1.0 Build 670 09/22/2019 SJ Lite Edition


---------------------
; Table of Contents ;
---------------------
  1. Legal Notice
  2. Analysis & Synthesis Summary
  3. Analysis & Synthesis Settings
  4. Parallel Compilation
  5. Analysis & Synthesis Source Files Read
  6. Analysis & Synthesis Resource Usage Summary
  7. Analysis & Synthesis Resource Utilization by Entity
  8. General Register Statistics
  9. Multiplexer Restructuring Statistics (Restructuring Performed)
 10. Parameter Settings for User Entity Instance: Top-level Entity: |ALU
 11. Parameter Settings for User Entity Instance: NBitsFullAdder:Adder
 12. Parameter Settings for User Entity Instance: NBitsFullSubstractor:Substractor
 13. Parameter Settings for User Entity Instance: and_N:And
 14. Parameter Settings for User Entity Instance: or_N:OR
 15. Parameter Settings for User Entity Instance: notA_N:NOT
 16. Parameter Settings for User Entity Instance: xor_N:XOR
 17. Parameter Settings for User Entity Instance: MUX_N:Mux
 18. Parameter Settings for User Entity Instance: MUX_N:MuxCarryOut
 19. Parameter Settings for User Entity Instance: flagZero_logic:ZeroFlag
 20. Port Connectivity Checks: "MUX_N:MuxCarryOut"
 21. Port Connectivity Checks: "MUX_N:Mux"
 22. Port Connectivity Checks: "NBitsFullSubstractor:Substractor|OneBitFullAdder:GenAdders[0].U1"
 23. Post-Synthesis Netlist Statistics for Top Partition
 24. Elapsed Time Per Partition
 25. Analysis & Synthesis Messages



----------------
; Legal Notice ;
----------------
Copyright (C) 2019  Intel Corporation. All rights reserved.
Your use of Intel Corporation's design tools, logic functions 
and other software and tools, and any partner logic 
functions, and any output files from any of the foregoing 
(including device programming or simulation files), and any 
associated documentation or information are expressly subject 
to the terms and conditions of the Intel Program License 
Subscription Agreement, the Intel Quartus Prime License Agreement,
the Intel FPGA IP License Agreement, or other applicable license
agreement, including, without limitation, that your use is for
the sole purpose of programming logic devices manufactured by
Intel and sold by Intel or its authorized distributors.  Please
refer to the applicable agreement for further details, at
https://fpgasoftware.intel.com/eula.



+-------------------------------------------------------------------------------+
; Analysis & Synthesis Summary                                                  ;
+---------------------------------+---------------------------------------------+
; Analysis & Synthesis Status     ; Successful - Sun May 17 03:17:11 2020       ;
; Quartus Prime Version           ; 19.1.0 Build 670 09/22/2019 SJ Lite Edition ;
; Revision Name                   ; Laboratorio_3                               ;
; Top-level Entity Name           ; ALU                                         ;
; Family                          ; Cyclone V                                   ;
; Logic utilization (in ALMs)     ; N/A                                         ;
; Total registers                 ; 0                                           ;
; Total pins                      ; 33                                          ;
; Total virtual pins              ; 0                                           ;
; Total block memory bits         ; 0                                           ;
; Total DSP Blocks                ; 0                                           ;
; Total HSSI RX PCSs              ; 0                                           ;
; Total HSSI PMA RX Deserializers ; 0                                           ;
; Total HSSI TX PCSs              ; 0                                           ;
; Total HSSI PMA TX Serializers   ; 0                                           ;
; Total PLLs                      ; 0                                           ;
; Total DLLs                      ; 0                                           ;
+---------------------------------+---------------------------------------------+


+---------------------------------------------------------------------------------------------------------------------------+
; Analysis & Synthesis Settings                                                                                             ;
+---------------------------------------------------------------------------------+--------------------+--------------------+
; Option                                                                          ; Setting            ; Default Value      ;
+---------------------------------------------------------------------------------+--------------------+--------------------+
; Device                                                                          ; 5CGXFC7C6F23I7     ;                    ;
; Top-level entity name                                                           ; ALU                ; Laboratorio_3      ;
; Family name                                                                     ; Cyclone V          ; Cyclone V          ;
; Use smart compilation                                                           ; Off                ; Off                ;
; Enable parallel Assembler and Timing Analyzer during compilation                ; On                 ; On                 ;
; Enable compact report table                                                     ; Off                ; Off                ;
; Restructure Multiplexers                                                        ; Auto               ; Auto               ;
; MLAB Add Timing Constraints For Mixed-Port Feed-Through Mode Setting Don't Care ; Off                ; Off                ;
; Create Debugging Nodes for IP Cores                                             ; Off                ; Off                ;
; Preserve fewer node names                                                       ; On                 ; On                 ;
; Intel FPGA IP Evaluation Mode                                                   ; Enable             ; Enable             ;
; Verilog Version                                                                 ; Verilog_2001       ; Verilog_2001       ;
; VHDL Version                                                                    ; VHDL_1993          ; VHDL_1993          ;
; State Machine Processing                                                        ; Auto               ; Auto               ;
; Safe State Machine                                                              ; Off                ; Off                ;
; Extract Verilog State Machines                                                  ; On                 ; On                 ;
; Extract VHDL State Machines                                                     ; On                 ; On                 ;
; Ignore Verilog initial constructs                                               ; Off                ; Off                ;
; Iteration limit for constant Verilog loops                                      ; 5000               ; 5000               ;
; Iteration limit for non-constant Verilog loops                                  ; 250                ; 250                ;
; Add Pass-Through Logic to Inferred RAMs                                         ; On                 ; On                 ;
; Infer RAMs from Raw Logic                                                       ; On                 ; On                 ;
; Parallel Synthesis                                                              ; On                 ; On                 ;
; DSP Block Balancing                                                             ; Auto               ; Auto               ;
; NOT Gate Push-Back                                                              ; On                 ; On                 ;
; Power-Up Don't Care                                                             ; On                 ; On                 ;
; Remove Redundant Logic Cells                                                    ; Off                ; Off                ;
; Remove Duplicate Registers                                                      ; On                 ; On                 ;
; Ignore CARRY Buffers                                                            ; Off                ; Off                ;
; Ignore CASCADE Buffers                                                          ; Off                ; Off                ;
; Ignore GLOBAL Buffers                                                           ; Off                ; Off                ;
; Ignore ROW GLOBAL Buffers                                                       ; Off                ; Off                ;
; Ignore LCELL Buffers                                                            ; Off                ; Off                ;
; Ignore SOFT Buffers                                                             ; On                 ; On                 ;
; Limit AHDL Integers to 32 Bits                                                  ; Off                ; Off                ;
; Optimization Technique                                                          ; Balanced           ; Balanced           ;
; Carry Chain Length                                                              ; 70                 ; 70                 ;
; Auto Carry Chains                                                               ; On                 ; On                 ;
; Auto Open-Drain Pins                                                            ; On                 ; On                 ;
; Perform WYSIWYG Primitive Resynthesis                                           ; Off                ; Off                ;
; Auto ROM Replacement                                                            ; On                 ; On                 ;
; Auto RAM Replacement                                                            ; On                 ; On                 ;
; Auto DSP Block Replacement                                                      ; On                 ; On                 ;
; Auto Shift Register Replacement                                                 ; Auto               ; Auto               ;
; Allow Shift Register Merging across Hierarchies                                 ; Auto               ; Auto               ;
; Auto Clock Enable Replacement                                                   ; On                 ; On                 ;
; Strict RAM Replacement                                                          ; Off                ; Off                ;
; Allow Synchronous Control Signals                                               ; On                 ; On                 ;
; Force Use of Synchronous Clear Signals                                          ; Off                ; Off                ;
; Auto Resource Sharing                                                           ; Off                ; Off                ;
; Allow Any RAM Size For Recognition                                              ; Off                ; Off                ;
; Allow Any ROM Size For Recognition                                              ; Off                ; Off                ;
; Allow Any Shift Register Size For Recognition                                   ; Off                ; Off                ;
; Use LogicLock Constraints during Resource Balancing                             ; On                 ; On                 ;
; Ignore translate_off and synthesis_off directives                               ; Off                ; Off                ;
; Timing-Driven Synthesis                                                         ; On                 ; On                 ;
; Report Parameter Settings                                                       ; On                 ; On                 ;
; Report Source Assignments                                                       ; On                 ; On                 ;
; Report Connectivity Checks                                                      ; On                 ; On                 ;
; Ignore Maximum Fan-Out Assignments                                              ; Off                ; Off                ;
; Synchronization Register Chain Length                                           ; 3                  ; 3                  ;
; Power Optimization During Synthesis                                             ; Normal compilation ; Normal compilation ;
; HDL message level                                                               ; Level2             ; Level2             ;
; Suppress Register Optimization Related Messages                                 ; Off                ; Off                ;
; Number of Removed Registers Reported in Synthesis Report                        ; 5000               ; 5000               ;
; Number of Swept Nodes Reported in Synthesis Report                              ; 5000               ; 5000               ;
; Number of Inverted Registers Reported in Synthesis Report                       ; 100                ; 100                ;
; Clock MUX Protection                                                            ; On                 ; On                 ;
; Auto Gated Clock Conversion                                                     ; Off                ; Off                ;
; Block Design Naming                                                             ; Auto               ; Auto               ;
; SDC constraint protection                                                       ; Off                ; Off                ;
; Synthesis Effort                                                                ; Auto               ; Auto               ;
; Shift Register Replacement - Allow Asynchronous Clear Signal                    ; On                 ; On                 ;
; Pre-Mapping Resynthesis Optimization                                            ; Off                ; Off                ;
; Analysis & Synthesis Message Level                                              ; Medium             ; Medium             ;
; Disable Register Merging Across Hierarchies                                     ; Auto               ; Auto               ;
; Resource Aware Inference For Block RAM                                          ; On                 ; On                 ;
; Automatic Parallel Synthesis                                                    ; On                 ; On                 ;
; Partial Reconfiguration Bitstream ID                                            ; Off                ; Off                ;
+---------------------------------------------------------------------------------+--------------------+--------------------+


+------------------------------------------+
; Parallel Compilation                     ;
+----------------------------+-------------+
; Processors                 ; Number      ;
+----------------------------+-------------+
; Number detected on machine ; 4           ;
; Maximum allowed            ; 2           ;
;                            ;             ;
; Average used               ; 1.00        ;
; Maximum used               ; 1           ;
;                            ;             ;
; Usage by Processor         ; % Time Used ;
;     Processor 1            ; 100.0%      ;
+----------------------------+-------------+


+-------------------------------------------------------------------------------------------------------------------------------------------------+
; Analysis & Synthesis Source Files Read                                                                                                          ;
+----------------------------------+-----------------+------------------------------+---------------------------------------------------+---------+
; File Name with User-Entered Path ; Used in Netlist ; File Type                    ; File Name with Absolute Path                      ; Library ;
+----------------------------------+-----------------+------------------------------+---------------------------------------------------+---------+
; OneBitFullAdder.sv               ; yes             ; User SystemVerilog HDL File  ; C:/Proyectos_Quartus/Lab3/OneBitFullAdder.sv      ;         ;
; NBitsFullSubstractor.sv          ; yes             ; User SystemVerilog HDL File  ; C:/Proyectos_Quartus/Lab3/NBitsFullSubstractor.sv ;         ;
; NBitsFullAdder.sv                ; yes             ; User SystemVerilog HDL File  ; C:/Proyectos_Quartus/Lab3/NBitsFullAdder.sv       ;         ;
; MUX_N.sv                         ; yes             ; User SystemVerilog HDL File  ; C:/Proyectos_Quartus/Lab3/MUX_N.sv                ;         ;
; and_N.sv                         ; yes             ; User SystemVerilog HDL File  ; C:/Proyectos_Quartus/Lab3/and_N.sv                ;         ;
; or_N.sv                          ; yes             ; User SystemVerilog HDL File  ; C:/Proyectos_Quartus/Lab3/or_N.sv                 ;         ;
; xor_N.sv                         ; yes             ; User SystemVerilog HDL File  ; C:/Proyectos_Quartus/Lab3/xor_N.sv                ;         ;
; notA_N.sv                        ; yes             ; User SystemVerilog HDL File  ; C:/Proyectos_Quartus/Lab3/notA_N.sv               ;         ;
; flagZero_logic.sv                ; yes             ; User SystemVerilog HDL File  ; C:/Proyectos_Quartus/Lab3/flagZero_logic.sv       ;         ;
; flagVB_logic.sv                  ; yes             ; User SystemVerilog HDL File  ; C:/Proyectos_Quartus/Lab3/flagVB_logic.sv         ;         ;
; ALU.sv                           ; yes             ; User SystemVerilog HDL File  ; C:/Proyectos_Quartus/Lab3/ALU.sv                  ;         ;
+----------------------------------+-----------------+------------------------------+---------------------------------------------------+---------+


+------------------------------------------------------------------+
; Analysis & Synthesis Resource Usage Summary                      ;
+---------------------------------------------+--------------------+
; Resource                                    ; Usage              ;
+---------------------------------------------+--------------------+
; Estimate of Logic utilization (ALMs needed) ; 27                 ;
;                                             ;                    ;
; Combinational ALUT usage for logic          ; 40                 ;
;     -- 7 input functions                    ; 2                  ;
;     -- 6 input functions                    ; 12                 ;
;     -- 5 input functions                    ; 11                 ;
;     -- 4 input functions                    ; 5                  ;
;     -- <=3 input functions                  ; 10                 ;
;                                             ;                    ;
; Dedicated logic registers                   ; 0                  ;
;                                             ;                    ;
; I/O pins                                    ; 33                 ;
;                                             ;                    ;
; Total DSP Blocks                            ; 0                  ;
;                                             ;                    ;
; Maximum fan-out node                        ; selection[1]~input ;
; Maximum fan-out                             ; 12                 ;
; Total fan-out                               ; 231                ;
; Average fan-out                             ; 2.18               ;
+---------------------------------------------+--------------------+


+----------------------------------------------------------------------------------------------------------------------------------------------------------------------------------------------------------------------------------------------------------------+
; Analysis & Synthesis Resource Utilization by Entity                                                                                                                                                                                                            ;
+-----------------------------------------+---------------------+---------------------------+-------------------+------------+------+--------------+-----------------------------------------------------------------------+----------------------+--------------+
; Compilation Hierarchy Node              ; Combinational ALUTs ; Dedicated Logic Registers ; Block Memory Bits ; DSP Blocks ; Pins ; Virtual Pins ; Full Hierarchy Name                                                   ; Entity Name          ; Library Name ;
+-----------------------------------------+---------------------+---------------------------+-------------------+------------+------+--------------+-----------------------------------------------------------------------+----------------------+--------------+
; |ALU                                    ; 40 (0)              ; 0 (0)                     ; 0                 ; 0          ; 33   ; 0            ; |ALU                                                                  ; ALU                  ; work         ;
;    |MUX_N:MuxCarryOut|                  ; 1 (1)               ; 0 (0)                     ; 0                 ; 0          ; 0    ; 0            ; |ALU|MUX_N:MuxCarryOut                                                ; MUX_N                ; work         ;
;    |MUX_N:Mux|                          ; 20 (20)             ; 0 (0)                     ; 0                 ; 0          ; 0    ; 0            ; |ALU|MUX_N:Mux                                                        ; MUX_N                ; work         ;
;    |NBitsFullAdder:Adder|               ; 9 (0)               ; 0 (0)                     ; 0                 ; 0          ; 0    ; 0            ; |ALU|NBitsFullAdder:Adder                                             ; NBitsFullAdder       ; work         ;
;       |OneBitFullAdder:GenAdders[0].U1| ; 1 (1)               ; 0 (0)                     ; 0                 ; 0          ; 0    ; 0            ; |ALU|NBitsFullAdder:Adder|OneBitFullAdder:GenAdders[0].U1             ; OneBitFullAdder      ; work         ;
;       |OneBitFullAdder:GenAdders[1].U1| ; 1 (1)               ; 0 (0)                     ; 0                 ; 0          ; 0    ; 0            ; |ALU|NBitsFullAdder:Adder|OneBitFullAdder:GenAdders[1].U1             ; OneBitFullAdder      ; work         ;
;       |OneBitFullAdder:GenAdders[2].U1| ; 1 (1)               ; 0 (0)                     ; 0                 ; 0          ; 0    ; 0            ; |ALU|NBitsFullAdder:Adder|OneBitFullAdder:GenAdders[2].U1             ; OneBitFullAdder      ; work         ;
;       |OneBitFullAdder:GenAdders[3].U1| ; 1 (1)               ; 0 (0)                     ; 0                 ; 0          ; 0    ; 0            ; |ALU|NBitsFullAdder:Adder|OneBitFullAdder:GenAdders[3].U1             ; OneBitFullAdder      ; work         ;
;       |OneBitFullAdder:GenAdders[4].U1| ; 3 (3)               ; 0 (0)                     ; 0                 ; 0          ; 0    ; 0            ; |ALU|NBitsFullAdder:Adder|OneBitFullAdder:GenAdders[4].U1             ; OneBitFullAdder      ; work         ;
;       |OneBitFullAdder:GenAdders[5].U1| ; 1 (1)               ; 0 (0)                     ; 0                 ; 0          ; 0    ; 0            ; |ALU|NBitsFullAdder:Adder|OneBitFullAdder:GenAdders[5].U1             ; OneBitFullAdder      ; work         ;
;       |OneBitFullAdder:GenAdders[6].U1| ; 1 (1)               ; 0 (0)                     ; 0                 ; 0          ; 0    ; 0            ; |ALU|NBitsFullAdder:Adder|OneBitFullAdder:GenAdders[6].U1             ; OneBitFullAdder      ; work         ;
;    |NBitsFullSubstractor:Substractor|   ; 7 (0)               ; 0 (0)                     ; 0                 ; 0          ; 0    ; 0            ; |ALU|NBitsFullSubstractor:Substractor                                 ; NBitsFullSubstractor ; work         ;
;       |OneBitFullAdder:GenAdders[0].U1| ; 1 (1)               ; 0 (0)                     ; 0                 ; 0          ; 0    ; 0            ; |ALU|NBitsFullSubstractor:Substractor|OneBitFullAdder:GenAdders[0].U1 ; OneBitFullAdder      ; work         ;
;       |OneBitFullAdder:GenAdders[1].U1| ; 1 (1)               ; 0 (0)                     ; 0                 ; 0          ; 0    ; 0            ; |ALU|NBitsFullSubstractor:Substractor|OneBitFullAdder:GenAdders[1].U1 ; OneBitFullAdder      ; work         ;
;       |OneBitFullAdder:GenAdders[2].U1| ; 1 (1)               ; 0 (0)                     ; 0                 ; 0          ; 0    ; 0            ; |ALU|NBitsFullSubstractor:Substractor|OneBitFullAdder:GenAdders[2].U1 ; OneBitFullAdder      ; work         ;
;       |OneBitFullAdder:GenAdders[3].U1| ; 1 (1)               ; 0 (0)                     ; 0                 ; 0          ; 0    ; 0            ; |ALU|NBitsFullSubstractor:Substractor|OneBitFullAdder:GenAdders[3].U1 ; OneBitFullAdder      ; work         ;
;       |OneBitFullAdder:GenAdders[4].U1| ; 1 (1)               ; 0 (0)                     ; 0                 ; 0          ; 0    ; 0            ; |ALU|NBitsFullSubstractor:Substractor|OneBitFullAdder:GenAdders[4].U1 ; OneBitFullAdder      ; work         ;
;       |OneBitFullAdder:GenAdders[5].U1| ; 1 (1)               ; 0 (0)                     ; 0                 ; 0          ; 0    ; 0            ; |ALU|NBitsFullSubstractor:Substractor|OneBitFullAdder:GenAdders[5].U1 ; OneBitFullAdder      ; work         ;
;       |OneBitFullAdder:GenAdders[6].U1| ; 1 (1)               ; 0 (0)                     ; 0                 ; 0          ; 0    ; 0            ; |ALU|NBitsFullSubstractor:Substractor|OneBitFullAdder:GenAdders[6].U1 ; OneBitFullAdder      ; work         ;
;    |flagVB_logic:VFlag|                 ; 1 (1)               ; 0 (0)                     ; 0                 ; 0          ; 0    ; 0            ; |ALU|flagVB_logic:VFlag                                               ; flagVB_logic         ; work         ;
;    |flagZero_logic:ZeroFlag|            ; 2 (2)               ; 0 (0)                     ; 0                 ; 0          ; 0    ; 0            ; |ALU|flagZero_logic:ZeroFlag                                          ; flagZero_logic       ; work         ;
+-----------------------------------------+---------------------+---------------------------+-------------------+------------+------+--------------+-----------------------------------------------------------------------+----------------------+--------------+
Note: For table entries with two numbers listed, the numbers in parentheses indicate the number of resources of the given type used by the specific entity alone. The numbers listed outside of parentheses indicate the total resources of the given type used by the specific entity and all of its sub-entities in the hierarchy.


+------------------------------------------------------+
; General Register Statistics                          ;
+----------------------------------------------+-------+
; Statistic                                    ; Value ;
+----------------------------------------------+-------+
; Total registers                              ; 0     ;
; Number of registers using Synchronous Clear  ; 0     ;
; Number of registers using Synchronous Load   ; 0     ;
; Number of registers using Asynchronous Clear ; 0     ;
; Number of registers using Asynchronous Load  ; 0     ;
; Number of registers using Clock Enable       ; 0     ;
; Number of registers using Preset             ; 0     ;
+----------------------------------------------+-------+


+------------------------------------------------------------------------------------------------------------------------------------------+
; Multiplexer Restructuring Statistics (Restructuring Performed)                                                                           ;
+--------------------+-----------+---------------+----------------------+------------------------+------------+----------------------------+
; Multiplexer Inputs ; Bus Width ; Baseline Area ; Area if Restructured ; Saving if Restructured ; Registered ; Example Multiplexer Output ;
+--------------------+-----------+---------------+----------------------+------------------------+------------+----------------------------+
; 16:1               ; 7 bits    ; 70 LEs        ; 35 LEs               ; 35 LEs                 ; No         ; |ALU|MUX_N:Mux|Mux0        ;
+--------------------+-----------+---------------+----------------------+------------------------+------------+----------------------------+


+---------------------------------------------------------------------+
; Parameter Settings for User Entity Instance: Top-level Entity: |ALU ;
+----------------+-------+--------------------------------------------+
; Parameter Name ; Value ; Type                                       ;
+----------------+-------+--------------------------------------------+
; NBits          ; 8     ; Signed Integer                             ;
+----------------+-------+--------------------------------------------+
Note: In order to hide this table in the UI and the text report file, please set the "Show Parameter Settings in Synthesis Report" option in "Analysis and Synthesis Settings -> More Settings" to "Off".


+-------------------------------------------------------------------+
; Parameter Settings for User Entity Instance: NBitsFullAdder:Adder ;
+----------------+-------+------------------------------------------+
; Parameter Name ; Value ; Type                                     ;
+----------------+-------+------------------------------------------+
; NBits          ; 8     ; Signed Integer                           ;
+----------------+-------+------------------------------------------+
Note: In order to hide this table in the UI and the text report file, please set the "Show Parameter Settings in Synthesis Report" option in "Analysis and Synthesis Settings -> More Settings" to "Off".


+-------------------------------------------------------------------------------+
; Parameter Settings for User Entity Instance: NBitsFullSubstractor:Substractor ;
+----------------+-------+------------------------------------------------------+
; Parameter Name ; Value ; Type                                                 ;
+----------------+-------+------------------------------------------------------+
; NBits          ; 8     ; Signed Integer                                       ;
+----------------+-------+------------------------------------------------------+
Note: In order to hide this table in the UI and the text report file, please set the "Show Parameter Settings in Synthesis Report" option in "Analysis and Synthesis Settings -> More Settings" to "Off".


+--------------------------------------------------------+
; Parameter Settings for User Entity Instance: and_N:And ;
+----------------+-------+-------------------------------+
; Parameter Name ; Value ; Type                          ;
+----------------+-------+-------------------------------+
; N              ; 8     ; Signed Integer                ;
+----------------+-------+-------------------------------+
Note: In order to hide this table in the UI and the text report file, please set the "Show Parameter Settings in Synthesis Report" option in "Analysis and Synthesis Settings -> More Settings" to "Off".


+------------------------------------------------------+
; Parameter Settings for User Entity Instance: or_N:OR ;
+----------------+-------+-----------------------------+
; Parameter Name ; Value ; Type                        ;
+----------------+-------+-----------------------------+
; N              ; 8     ; Signed Integer              ;
+----------------+-------+-----------------------------+
Note: In order to hide this table in the UI and the text report file, please set the "Show Parameter Settings in Synthesis Report" option in "Analysis and Synthesis Settings -> More Settings" to "Off".


+---------------------------------------------------------+
; Parameter Settings for User Entity Instance: notA_N:NOT ;
+----------------+-------+--------------------------------+
; Parameter Name ; Value ; Type                           ;
+----------------+-------+--------------------------------+
; N              ; 8     ; Signed Integer                 ;
+----------------+-------+--------------------------------+
Note: In order to hide this table in the UI and the text report file, please set the "Show Parameter Settings in Synthesis Report" option in "Analysis and Synthesis Settings -> More Settings" to "Off".


+--------------------------------------------------------+
; Parameter Settings for User Entity Instance: xor_N:XOR ;
+----------------+-------+-------------------------------+
; Parameter Name ; Value ; Type                          ;
+----------------+-------+-------------------------------+
; N              ; 8     ; Signed Integer                ;
+----------------+-------+-------------------------------+
Note: In order to hide this table in the UI and the text report file, please set the "Show Parameter Settings in Synthesis Report" option in "Analysis and Synthesis Settings -> More Settings" to "Off".


+--------------------------------------------------------+
; Parameter Settings for User Entity Instance: MUX_N:Mux ;
+----------------+-------+-------------------------------+
; Parameter Name ; Value ; Type                          ;
+----------------+-------+-------------------------------+
; NBITS          ; 8     ; Signed Integer                ;
+----------------+-------+-------------------------------+
Note: In order to hide this table in the UI and the text report file, please set the "Show Parameter Settings in Synthesis Report" option in "Analysis and Synthesis Settings -> More Settings" to "Off".


+----------------------------------------------------------------+
; Parameter Settings for User Entity Instance: MUX_N:MuxCarryOut ;
+----------------+-------+---------------------------------------+
; Parameter Name ; Value ; Type                                  ;
+----------------+-------+---------------------------------------+
; NBITS          ; 1     ; Signed Integer                        ;
+----------------+-------+---------------------------------------+
Note: In order to hide this table in the UI and the text report file, please set the "Show Parameter Settings in Synthesis Report" option in "Analysis and Synthesis Settings -> More Settings" to "Off".


+----------------------------------------------------------------------+
; Parameter Settings for User Entity Instance: flagZero_logic:ZeroFlag ;
+----------------+-------+---------------------------------------------+
; Parameter Name ; Value ; Type                                        ;
+----------------+-------+---------------------------------------------+
; N              ; 8     ; Signed Integer                              ;
+----------------+-------+---------------------------------------------+
Note: In order to hide this table in the UI and the text report file, please set the "Show Parameter Settings in Synthesis Report" option in "Analysis and Synthesis Settings -> More Settings" to "Off".


+------------------------------------------------------------------------------------------------------------------------------------------------------------------------+
; Port Connectivity Checks: "MUX_N:MuxCarryOut"                                                                                                                          ;
+------+-------+----------+----------------------------------------------------------------------------------------------------------------------------------------------+
; Port ; Type  ; Severity ; Details                                                                                                                                      ;
+------+-------+----------+----------------------------------------------------------------------------------------------------------------------------------------------+
; C    ; Input ; Warning  ; Declared by entity but not connected by instance. If a default value exists, it will be used.  Otherwise, the port will be connected to GND. ;
; D    ; Input ; Warning  ; Declared by entity but not connected by instance. If a default value exists, it will be used.  Otherwise, the port will be connected to GND. ;
; E    ; Input ; Warning  ; Declared by entity but not connected by instance. If a default value exists, it will be used.  Otherwise, the port will be connected to GND. ;
; F    ; Input ; Warning  ; Declared by entity but not connected by instance. If a default value exists, it will be used.  Otherwise, the port will be connected to GND. ;
; G    ; Input ; Warning  ; Declared by entity but not connected by instance. If a default value exists, it will be used.  Otherwise, the port will be connected to GND. ;
; H    ; Input ; Warning  ; Declared by entity but not connected by instance. If a default value exists, it will be used.  Otherwise, the port will be connected to GND. ;
; I    ; Input ; Warning  ; Declared by entity but not connected by instance. If a default value exists, it will be used.  Otherwise, the port will be connected to GND. ;
; J    ; Input ; Warning  ; Declared by entity but not connected by instance. If a default value exists, it will be used.  Otherwise, the port will be connected to GND. ;
; K    ; Input ; Warning  ; Declared by entity but not connected by instance. If a default value exists, it will be used.  Otherwise, the port will be connected to GND. ;
; L    ; Input ; Warning  ; Declared by entity but not connected by instance. If a default value exists, it will be used.  Otherwise, the port will be connected to GND. ;
; M    ; Input ; Warning  ; Declared by entity but not connected by instance. If a default value exists, it will be used.  Otherwise, the port will be connected to GND. ;
; N    ; Input ; Warning  ; Declared by entity but not connected by instance. If a default value exists, it will be used.  Otherwise, the port will be connected to GND. ;
; O    ; Input ; Warning  ; Declared by entity but not connected by instance. If a default value exists, it will be used.  Otherwise, the port will be connected to GND. ;
; P    ; Input ; Warning  ; Declared by entity but not connected by instance. If a default value exists, it will be used.  Otherwise, the port will be connected to GND. ;
+------+-------+----------+----------------------------------------------------------------------------------------------------------------------------------------------+


+------------------------------------------------------------------------------------------------------------------------------------------------------------------------+
; Port Connectivity Checks: "MUX_N:Mux"                                                                                                                                  ;
+------+-------+----------+----------------------------------------------------------------------------------------------------------------------------------------------+
; Port ; Type  ; Severity ; Details                                                                                                                                      ;
+------+-------+----------+----------------------------------------------------------------------------------------------------------------------------------------------+
; G    ; Input ; Warning  ; Declared by entity but not connected by instance. If a default value exists, it will be used.  Otherwise, the port will be connected to GND. ;
; H    ; Input ; Warning  ; Declared by entity but not connected by instance. If a default value exists, it will be used.  Otherwise, the port will be connected to GND. ;
; I    ; Input ; Warning  ; Declared by entity but not connected by instance. If a default value exists, it will be used.  Otherwise, the port will be connected to GND. ;
; J    ; Input ; Warning  ; Declared by entity but not connected by instance. If a default value exists, it will be used.  Otherwise, the port will be connected to GND. ;
; K    ; Input ; Warning  ; Declared by entity but not connected by instance. If a default value exists, it will be used.  Otherwise, the port will be connected to GND. ;
; L    ; Input ; Warning  ; Declared by entity but not connected by instance. If a default value exists, it will be used.  Otherwise, the port will be connected to GND. ;
; M    ; Input ; Warning  ; Declared by entity but not connected by instance. If a default value exists, it will be used.  Otherwise, the port will be connected to GND. ;
; N    ; Input ; Warning  ; Declared by entity but not connected by instance. If a default value exists, it will be used.  Otherwise, the port will be connected to GND. ;
; O    ; Input ; Warning  ; Declared by entity but not connected by instance. If a default value exists, it will be used.  Otherwise, the port will be connected to GND. ;
; P    ; Input ; Warning  ; Declared by entity but not connected by instance. If a default value exists, it will be used.  Otherwise, the port will be connected to GND. ;
+------+-------+----------+----------------------------------------------------------------------------------------------------------------------------------------------+


+----------------------------------------------------------------------------------------------+
; Port Connectivity Checks: "NBitsFullSubstractor:Substractor|OneBitFullAdder:GenAdders[0].U1" ;
+------+-------+----------+--------------------------------------------------------------------+
; Port ; Type  ; Severity ; Details                                                            ;
+------+-------+----------+--------------------------------------------------------------------+
; cin  ; Input ; Info     ; Stuck at VCC                                                       ;
+------+-------+----------+--------------------------------------------------------------------+


+-----------------------------------------------------+
; Post-Synthesis Netlist Statistics for Top Partition ;
+-----------------------+-----------------------------+
; Type                  ; Count                       ;
+-----------------------+-----------------------------+
; arriav_lcell_comb     ; 41                          ;
;     extend            ; 2                           ;
;         7 data inputs ; 2                           ;
;     normal            ; 39                          ;
;         1 data inputs ; 1                           ;
;         2 data inputs ; 5                           ;
;         3 data inputs ; 5                           ;
;         4 data inputs ; 5                           ;
;         5 data inputs ; 11                          ;
;         6 data inputs ; 12                          ;
; boundary_port         ; 33                          ;
;                       ;                             ;
; Max LUT depth         ; 7.00                        ;
; Average LUT depth     ; 6.00                        ;
+-----------------------+-----------------------------+


+-------------------------------+
; Elapsed Time Per Partition    ;
+----------------+--------------+
; Partition Name ; Elapsed Time ;
+----------------+--------------+
; Top            ; 00:00:00     ;
+----------------+--------------+


+-------------------------------+
; Analysis & Synthesis Messages ;
+-------------------------------+
Info: *******************************************************************
Info: Running Quartus Prime Analysis & Synthesis
    Info: Version 19.1.0 Build 670 09/22/2019 SJ Lite Edition
    Info: Processing started: Sun May 17 03:16:54 2020
Info: Command: quartus_map --read_settings_files=on --write_settings_files=off Laboratorio_3 -c Laboratorio_3
Warning (18236): Number of processors has not been specified which may cause overloading on shared machines.  Set the global assignment NUM_PARALLEL_PROCESSORS in your QSF to an appropriate value for best performance.
Info (20030): Parallel compilation is enabled and will use 2 of the 2 processors detected
Info (12021): Found 1 design units, including 1 entities, in source file onebitfulladder_tb.sv
    Info (12023): Found entity 1: OneBitFullAdder_tb File: C:/Proyectos_Quartus/Lab3/OneBitFullAdder_tb.sv Line: 1
Info (12021): Found 1 design units, including 1 entities, in source file onebitfulladder.sv
    Info (12023): Found entity 1: OneBitFullAdder File: C:/Proyectos_Quartus/Lab3/OneBitFullAdder.sv Line: 1
Info (12021): Found 1 design units, including 1 entities, in source file nbitsfullsubstractor_tb.sv
    Info (12023): Found entity 1: NBitsFullSubstractor_tb File: C:/Proyectos_Quartus/Lab3/NBitsFullSubstractor_tb.sv Line: 1
Info (12021): Found 1 design units, including 1 entities, in source file nbitsfullsubstractor.sv
    Info (12023): Found entity 1: NBitsFullSubstractor File: C:/Proyectos_Quartus/Lab3/NBitsFullSubstractor.sv Line: 1
Info (12021): Found 1 design units, including 1 entities, in source file nbitsfulladder_tb.sv
    Info (12023): Found entity 1: NBitsFullAdder_tb File: C:/Proyectos_Quartus/Lab3/NBitsFullAdder_tb.sv Line: 1
Info (12021): Found 1 design units, including 1 entities, in source file nbitsfulladder.sv
    Info (12023): Found entity 1: NBitsFullAdder File: C:/Proyectos_Quartus/Lab3/NBitsFullAdder.sv Line: 1
Info (12021): Found 1 design units, including 1 entities, in source file mux_n_tb.sv
    Info (12023): Found entity 1: MUX_N_tb File: C:/Proyectos_Quartus/Lab3/MUX_N_tb.sv Line: 1
Info (12021): Found 1 design units, including 1 entities, in source file mux_n.sv
    Info (12023): Found entity 1: MUX_N File: C:/Proyectos_Quartus/Lab3/MUX_N.sv Line: 2
Info (12021): Found 1 design units, including 1 entities, in source file addernbits.sv
    Info (12023): Found entity 1: AdderNBits File: C:/Proyectos_Quartus/Lab3/AdderNBits.sv Line: 1
Info (12021): Found 1 design units, including 1 entities, in source file and_n.sv
    Info (12023): Found entity 1: and_N File: C:/Proyectos_Quartus/Lab3/and_N.sv Line: 3
Info (12021): Found 1 design units, including 1 entities, in source file or_n.sv
    Info (12023): Found entity 1: or_N File: C:/Proyectos_Quartus/Lab3/or_N.sv Line: 3
Info (12021): Found 1 design units, including 1 entities, in source file xor_n.sv
    Info (12023): Found entity 1: xor_N File: C:/Proyectos_Quartus/Lab3/xor_N.sv Line: 3
Info (12021): Found 1 design units, including 1 entities, in source file nota_n.sv
    Info (12023): Found entity 1: notA_N File: C:/Proyectos_Quartus/Lab3/notA_N.sv Line: 3
Info (12021): Found 1 design units, including 1 entities, in source file logic_unit.sv
    Info (12023): Found entity 1: logic_unit File: C:/Proyectos_Quartus/Lab3/logic_unit.sv Line: 3
Info (12021): Found 1 design units, including 1 entities, in source file and_n_testbench.sv
    Info (12023): Found entity 1: and_N_TestBench File: C:/Proyectos_Quartus/Lab3/and_N_TestBench.sv Line: 3
Info (12021): Found 1 design units, including 1 entities, in source file or_n_-testbench.sv
    Info (12023): Found entity 1: or_N_TestBench File: C:/Proyectos_Quartus/Lab3/or_N_-TestBench.sv Line: 3
Info (12021): Found 1 design units, including 1 entities, in source file xor_n_testbench.sv
    Info (12023): Found entity 1: xor_N_TestBench File: C:/Proyectos_Quartus/Lab3/xor_N_TestBench.sv Line: 3
Info (12021): Found 1 design units, including 1 entities, in source file nota_n_testbench.sv
    Info (12023): Found entity 1: notA_N_TestBench File: C:/Proyectos_Quartus/Lab3/notA_N_TestBench.sv Line: 3
Info (12021): Found 1 design units, including 1 entities, in source file flagzero_logic.sv
    Info (12023): Found entity 1: flagZero_logic File: C:/Proyectos_Quartus/Lab3/flagZero_logic.sv Line: 7
Info (12021): Found 1 design units, including 1 entities, in source file flagzero_logic_testbench.sv
    Info (12023): Found entity 1: flagZero_logic_TestBench File: C:/Proyectos_Quartus/Lab3/flagZero_logic_TestBench.sv Line: 3
Info (12021): Found 1 design units, including 1 entities, in source file flag_unit.sv
    Info (12023): Found entity 1: flag_unit File: C:/Proyectos_Quartus/Lab3/flag_unit.sv Line: 3
Info (12021): Found 1 design units, including 1 entities, in source file nor_2.sv
    Info (12023): Found entity 1: nor_2 File: C:/Proyectos_Quartus/Lab3/nor_2.sv Line: 3
Info (12021): Found 1 design units, including 1 entities, in source file xor_2.sv
    Info (12023): Found entity 1: xor_2 File: C:/Proyectos_Quartus/Lab3/xor_2.sv Line: 4
Info (12021): Found 1 design units, including 1 entities, in source file xnor_2.sv
    Info (12023): Found entity 1: xnor_2 File: C:/Proyectos_Quartus/Lab3/xnor_2.sv Line: 4
Info (12021): Found 1 design units, including 1 entities, in source file and__3.sv
    Info (12023): Found entity 1: and_3 File: C:/Proyectos_Quartus/Lab3/and__3.sv Line: 4
Info (12021): Found 1 design units, including 1 entities, in source file flagv_logic.sv
    Info (12023): Found entity 1: flagV_logic File: C:/Proyectos_Quartus/Lab3/flagV_logic.sv Line: 3
Info (12021): Found 1 design units, including 1 entities, in source file flagv_logic_testbench.sv
    Info (12023): Found entity 1: flagV_logic_TestBench File: C:/Proyectos_Quartus/Lab3/flagV_logic_TestBench.sv Line: 4
Info (12021): Found 1 design units, including 1 entities, in source file flagvb_logic.sv
    Info (12023): Found entity 1: flagVB_logic File: C:/Proyectos_Quartus/Lab3/flagVB_logic.sv Line: 3
Info (12021): Found 1 design units, including 1 entities, in source file alu.sv
    Info (12023): Found entity 1: ALU File: C:/Proyectos_Quartus/Lab3/ALU.sv Line: 1
Warning (10236): Verilog HDL Implicit Net warning at xnor_2.sv(7): created implicit net for "J" File: C:/Proyectos_Quartus/Lab3/xnor_2.sv Line: 7
Info (12127): Elaborating entity "ALU" for the top level hierarchy
Info (12128): Elaborating entity "NBitsFullAdder" for hierarchy "NBitsFullAdder:Adder" File: C:/Proyectos_Quartus/Lab3/ALU.sv Line: 31
Info (12128): Elaborating entity "OneBitFullAdder" for hierarchy "NBitsFullAdder:Adder|OneBitFullAdder:GenAdders[0].U1" File: C:/Proyectos_Quartus/Lab3/NBitsFullAdder.sv Line: 13
Info (12128): Elaborating entity "NBitsFullSubstractor" for hierarchy "NBitsFullSubstractor:Substractor" File: C:/Proyectos_Quartus/Lab3/ALU.sv Line: 32
Info (12128): Elaborating entity "and_N" for hierarchy "and_N:And" File: C:/Proyectos_Quartus/Lab3/ALU.sv Line: 36
Info (12128): Elaborating entity "or_N" for hierarchy "or_N:OR" File: C:/Proyectos_Quartus/Lab3/ALU.sv Line: 37
Info (12128): Elaborating entity "notA_N" for hierarchy "notA_N:NOT" File: C:/Proyectos_Quartus/Lab3/ALU.sv Line: 38
Info (12128): Elaborating entity "xor_N" for hierarchy "xor_N:XOR" File: C:/Proyectos_Quartus/Lab3/ALU.sv Line: 39
Info (12128): Elaborating entity "MUX_N" for hierarchy "MUX_N:Mux" File: C:/Proyectos_Quartus/Lab3/ALU.sv Line: 45
Info (12128): Elaborating entity "MUX_N" for hierarchy "MUX_N:MuxCarryOut" File: C:/Proyectos_Quartus/Lab3/ALU.sv Line: 48
Info (12128): Elaborating entity "flagZero_logic" for hierarchy "flagZero_logic:ZeroFlag" File: C:/Proyectos_Quartus/Lab3/ALU.sv Line: 53
Info (12128): Elaborating entity "flagVB_logic" for hierarchy "flagVB_logic:VFlag" File: C:/Proyectos_Quartus/Lab3/ALU.sv Line: 55
Warning (12241): 2 hierarchies have connectivity warnings - see the Connectivity Checks report folder
Info (286030): Timing-Driven Synthesis is running
Info (16010): Generating hard_block partition "hard_block:auto_generated_inst"
    Info (16011): Adding 0 node(s), including 0 DDIO, 0 PLL, 0 transceiver and 0 LCELL
Info (21057): Implemented 73 device resources after synthesis - the final resource count might be different
    Info (21058): Implemented 21 input pins
    Info (21059): Implemented 12 output pins
    Info (21061): Implemented 40 logic cells
Info: Quartus Prime Analysis & Synthesis was successful. 0 errors, 3 warnings
    Info: Peak virtual memory: 4807 megabytes
    Info: Processing ended: Sun May 17 03:17:11 2020
    Info: Elapsed time: 00:00:17
    Info: Total CPU time (on all processors): 00:00:40


